TAP version 13
# Subtest: separate YAML files round-trip, preserve all architecture fields, keep resources exclusive
ok 1 - separate YAML files round-trip, preserve all architecture fields, keep resources exclusive
  ---
  duration_ms: 8.4286
  type: 'test'
  ...
# Subtest: legacy complete YAML imports and explicit technology overrides legacy resources
ok 2 - legacy complete YAML imports and explicit technology overrides legacy resources
  ---
  duration_ms: 2.8507
  type: 'test'
  ...
# Subtest: wrong document kinds, missing tech, duplicate keys, cycles and multiple documents are rejected
ok 3 - wrong document kinds, missing tech, duplicate keys, cycles and multiple documents are rejected
  ---
  duration_ms: 2.1322
  type: 'test'
  ...
# Subtest: module dimensions and placement change together; unknown resources stay unknown
ok 4 - module dimensions and placement change together; unknown resources stay unknown
  ---
  duration_ms: 0.7003
  type: 'test'
  ...
# Subtest: explicit zero resources remain known, new core is created only once
ok 5 - explicit zero resources remain known, new core is created only once
  ---
  duration_ms: 0.4264
  type: 'test'
  ...
# Subtest: module mutation rejects duplicate IDs, invalid sizes and migration outside allowed dies
ok 6 - module mutation rejects duplicate IDs, invalid sizes and migration outside allowed dies
  ---
  duration_ms: 0.4912
  type: 'test'
  ...
# Subtest: link input preserves implementation metadata; connected modules cannot be removed
ok 7 - link input preserves implementation metadata; connected modules cannot be removed
  ---
  duration_ms: 0.7555
  type: 'test'
  ...
# Subtest: comparison uses B minus A and never turns missing data into zero
ok 8 - comparison uses B minus A and never turns missing data into zero
  ---
  duration_ms: 0.7474
  type: 'test'
  ...
# Subtest: comparison finds migration, resizing, new modules and resolved/new issue identities
ok 9 - comparison finds migration, resizing, new modules and resolved/new issue identities
  ---
  duration_ms: 0.4929
  type: 'test'
  ...
# Subtest: duplicate issue identities are grouped; engine/library changes are disclosed
ok 10 - duplicate issue identities are grouped; engine/library changes are disclosed
  ---
  duration_ms: 0.3203
  type: 'test'
  ...
# Subtest: history lists unique candidate layouts, preserving stored IDs and excluding baseline
ok 11 - history lists unique candidate layouts, preserving stored IDs and excluding baseline
  ---
  duration_ms: 0.4257
  type: 'test'
  ...
# Subtest: comparison exports the stored name, not the decorated dropdown label
ok 12 - comparison exports the stored name, not the decorated dropdown label
  ---
  duration_ms: 0.8287
  type: 'test'
  ...
# Subtest: geometry identity ignores score, plan ID and placement order, not actual location
ok 13 - geometry identity ignores score, plan ID and placement order, not actual location
  ---
  duration_ms: 8.1434
  type: 'test'
  ...
# Subtest: migration, resizing and moved coordinates distinguish plans and explain differences
ok 14 - migration, resizing and moved coordinates distinguish plans and explain differences
  ---
  duration_ms: 0.8875
  type: 'test'
  ...
# Subtest: comparison supports any number of peer selections and preserves unknowns and explicit zero
ok 15 - comparison supports any number of peer selections and preserves unknowns and explicit zero
  ---
  duration_ms: 1.3021
  type: 'test'
  ...
# Subtest: same persisted selection cannot be compared with itself; fewer than two is invalid
ok 16 - same persisted selection cannot be compared with itself; fewer than two is invalid
  ---
  duration_ms: 0.3796
  type: 'test'
  ...
# Subtest: all selected columns participate in layout and constraint differences
ok 17 - all selected columns participate in layout and constraint differences
  ---
  duration_ms: 0.3172
  type: 'test'
  ...
# Subtest: all selected versions and technologies checked; key order is not a technology change
ok 18 - all selected versions and technologies checked; key order is not a technology change
  ---
  duration_ms: 1.2508
  type: 'test'
  ...
# Subtest: candidate requests have no fixed 10-item ceiling, retaining positive integer validation
ok 19 - candidate requests have no fixed 10-item ceiling, retaining positive integer validation
  ---
  duration_ms: 1.0216
  type: 'test'
  ...
# Subtest: only solver exhaustion is described as the total, never timeout or requested count
ok 20 - only solver exhaustion is described as the total, never timeout or requested count
  ---
  duration_ms: 0.1997
  type: 'test'
  ...
# Subtest: difficulty categories preserve each reason and global index across pages
ok 21 - difficulty categories preserve each reason and global index across pages
  ---
  duration_ms: 1.7351
  type: 'test'
  ...
# Subtest: display and history comparison include the same additional stack findings
ok 22 - display and history comparison include the same additional stack findings
  ---
  duration_ms: 10.6917
  type: 'test'
  ...
# Subtest: interfaces include all dedicated cores and MC regions without mixing HB with TSV
ok 23 - interfaces include all dedicated cores and MC regions without mixing HB with TSV
  ---
  duration_ms: 1.4834
  type: 'test'
  ...
# Subtest: partial unknown values remain unknown; zero and negative margins are preserved
ok 24 - partial unknown values remain unknown; zero and negative margins are preserved
  ---
  duration_ms: 0.1596
  type: 'test'
  ...
# Subtest: large spacing ledger is capped per page without discarding rows
ok 25 - large spacing ledger is capped per page without discarding rows
  ---
  duration_ms: 3.7901
  type: 'test'
  ...
# Subtest: spacing query and violation filter compose; page is clamped after filtering
ok 26 - spacing query and violation filter compose; page is clamped after filtering
  ---
  duration_ms: 6.738
  type: 'test'
  ...
# Subtest: face-down module and metal planes sit below silicon, while standalone views normalize the face
ok 27 - face-down module and metal planes sit below silicon, while standalone views normalize the face
  ---
  duration_ms: 0.6532
  type: 'test'
  ...
# Subtest: contact orientation uses lower top and upper bottom for all four combinations
ok 28 - contact orientation uses lower top and upper bottom for all four combinations
  ---
  duration_ms: 0.1146
  type: 'test'
  ...
# Subtest: legacy BLX infers B/L/X faces but does not invent the abstract DRAM package orientation
ok 29 - legacy BLX infers B/L/X faces but does not invent the abstract DRAM package orientation
  ---
  duration_ms: 1.1458
  type: 'test'
  ...
# Subtest: conflicting legacy face constraints and HB on opposite-facing surfaces cannot pass
ok 30 - conflicting legacy face constraints and HB on opposite-facing surfaces cannot pass
  ---
  duration_ms: 0.7914
  type: 'test'
  ...
# Subtest: changing both faces and interface kind is atomic and keeps position, ownership and demand intact
ok 31 - changing both faces and interface kind is atomic and keeps position, ownership and demand intact
  ---
  duration_ms: 0.2472
  type: 'test'
  ...
# Subtest: chip YAML has explicit stack mapping; old-engine snapshots round-trip without losing description
ok 32 - chip YAML has explicit stack mapping; old-engine snapshots round-trip without losing description
  ---
  duration_ms: 8.707
  type: 'test'
  ...
# Subtest: rename Die IDs remaps explicit face keys in the same transaction
ok 33 - rename Die IDs remaps explicit face keys in the same transaction
  ---
  duration_ms: 1.1181
  type: 'test'
  ...
# Subtest: unknown faces and undefined interfaces are missing-data issues; non-adjacent/reversed interfaces are errors
ok 34 - unknown faces and undefined interfaces are missing-data issues; non-adjacent/reversed interfaces are errors
  ---
  duration_ms: 0.321
  type: 'test'
  ...
# Subtest: malformed metadata, misspelled face values and references to missing layers fail explicitly
ok 35 - malformed metadata, misspelled face values and references to missing layers fail explicitly
  ---
  duration_ms: 0.256
  type: 'test'
  ...
# Subtest: rename updates every Die reference and preserves physical parameters, source project and module coordinates
ok 36 - rename updates every Die reference and preserves physical parameters, source project and module coordinates
  ---
  duration_ms: 2.904
  type: 'test'
  ...
# Subtest: swap two IDs simultaneously without merging references or physical properties
ok 37 - swap two IDs simultaneously without merging references or physical properties
  ---
  duration_ms: 0.231
  type: 'test'
  ...
# Subtest: IDs are trimmed and empty or duplicate names rejected before mutation
ok 38 - IDs are trimmed and empty or duplicate names rejected before mutation
  ---
  duration_ms: 0.45
  type: 'test'
  ...
# Subtest: height sets real dimensions; invalid or inconsistent geometry cannot be applied
ok 39 - height sets real dimensions; invalid or inconsistent geometry cannot be applied
  ---
  duration_ms: 0.4292
  type: 'test'
  ...
# Subtest: referenced layers cannot be deleted or replaced with an unrelated new layer
ok 40 - referenced layers cannot be deleted or replaced with an unrelated new layer
  ---
  duration_ms: 0.2739
  type: 'test'
  ...
# Subtest: renamed BLX layers retain visual roles from the bonding topology
ok 41 - renamed BLX layers retain visual roles from the bonding topology
  ---
  duration_ms: 0.3152
  type: 'test'
  ...
# Subtest: waiting stays explicit beyond the search budget, then stops its timer on completion
ok 42 - waiting stays explicit beyond the search budget, then stops its timer on completion
  ---
  duration_ms: 1.3599
  type: 'test'
  ...
# Subtest: failure is visible, leaves no animation timer and allows the next attempt
ok 43 - failure is visible, leaves no animation timer and allows the next attempt
  ---
  duration_ms: 0.7639
  type: 'test'
  ...
# Subtest: result names are validated and historical unnamed runs retain a useful label
ok 44 - result names are validated and historical unnamed runs retain a useful label
  ---
  duration_ms: 13.0161
  type: 'test'
  ...
# Subtest: only repeated history names receive an option hint, without changing persisted names
ok 45 - only repeated history names receive an option hint, without changing persisted names
  ---
  duration_ms: 0.218
  type: 'test'
  ...
# Subtest: physical folder names allow Chinese and spaces, rejecting path and Windows name hazards
ok 46 - physical folder names allow Chinese and spaces, rejecting path and Windows name hazards
  ---
  duration_ms: 0.533
  type: 'test'
  ...
# Subtest: technology form preserves unedited calibration and notes; distinguishes inheritance, zero capacity and disabled TSV
ok 47 - technology form preserves unedited calibration and notes; distinguishes inheritance, zero capacity and disabled TSV
  ---
  duration_ms: 1.0996
  type: 'test'
  ...
# Subtest: reject ambiguous metal IDs, invalid capacities and impossible wire/TSV pitch
ok 48 - reject ambiguous metal IDs, invalid capacities and impossible wire/TSV pitch
  ---
  duration_ms: 0.5132
  type: 'test'
  ...
# Subtest: directory listing starts in the configured project root and excludes files
ok 49 - directory listing starts in the configured project root and excludes files
  ---
  duration_ms: 10099.1452
  type: 'test'
  ...
# Subtest: repeated launch reuses the same desktop service and preserves its project root
ok 50 - repeated launch reuses the same desktop service and preserves its project root
  ---
  duration_ms: 109.5334
  type: 'test'
  ...
# Subtest: a launch for a different project root cannot silently reuse the current service
ok 51 - a launch for a different project root cannot silently reuse the current service
  ---
  duration_ms: 103.275
  type: 'test'
  ...
# Subtest: only local, same-origin UI requests can browse or create directories
ok 52 - only local, same-origin UI requests can browse or create directories
  ---
  duration_ms: 14.3849
  type: 'test'
  ...
# Subtest: Unicode/spaced folder is created immediately; duplicate name cannot overwrite it
ok 53 - Unicode/spaced folder is created immediately; duplicate name cannot overwrite it
  ---
  duration_ms: 39.0185
  type: 'test'
  ...
# Subtest: traversal, reserved names, missing parent and application-directory writes are rejected
ok 54 - traversal, reserved names, missing parent and application-directory writes are rejected
  ---
  duration_ms: 82.1688
  type: 'test'
  ...
# Subtest: actual evaluation writes results into the folder selected through the new API
ok 55 - actual evaluation writes results into the folder selected through the new API
  ---
  duration_ms: 201.4071
  type: 'test'
  ...
# Subtest: existing web assets, validation errors and report APIs pass through unchanged
ok 56 - existing web assets, validation errors and report APIs pass through unchanged
  ---
  duration_ms: 64.3168
  type: 'test'
  ...
# Subtest: optimizer persists physically different candidates and never pads a fixed layout
ok 57 - optimizer persists physically different candidates and never pads a fixed layout
  ---
  duration_ms: 495.5475
  type: 'test'
  ...
# Subtest: packaged preview does not create history and explicit saves persist custom names
ok 58 - packaged preview does not create history and explicit saves persist custom names
  ---
  duration_ms: 10368.6426
  type: 'test'
  ...
# Subtest: packaged app writes named output folders and reopens reports through stable history IDs
ok 59 - packaged app writes named output folders and reopens reports through stable history IDs
  ---
  duration_ms: 323.1659
  type: 'test'
  ...
# Subtest: all input endpoints accept count >10 and still reject invalid requests
ok 60 - all input endpoints accept count >10 and still reject invalid requests
  ---
  duration_ms: 162.3056
  type: 'test'
  ...
# Subtest: requesting 12 yields 12 distinct persisted layouts; fixed model exhausts at one
ok 61 - requesting 12 yields 12 distinct persisted layouts; fixed model exhausts at one
  ---
  duration_ms: 676.3233
  type: 'test'
  ...
# Subtest: stored split inputs expose stack, reload edited faces, and retain run snapshots
ok 62 - stored split inputs expose stack, reload edited faces, and retain run snapshots
  ---
  duration_ms: 272.3128
  type: 'test'
  ...
# Subtest: resource evaluation conserves geometry and power, flags overlap, and propagates unknown power
ok 63 - resource evaluation conserves geometry and power, flags overlap, and propagates unknown power
  ---
  duration_ms: 103.6113
  type: 'test'
  ...
# Subtest: native stack rules agree in API, saved JSON/HTML, CLI, and Web for invalid HB geometry
ok 64 - native stack rules agree in API, saved JSON/HTML, CLI, and Web for invalid HB geometry
  ---
  duration_ms: 1036.1099
  type: 'test'
  ...
# Subtest: legacy stack migrates and offline split validation reports field paths
ok 65 - legacy stack migrates and offline split validation reports field paths
  ---
  duration_ms: 1225.0917
  type: 'test'
  ...
# Subtest: portable bundle restores real external reports, snapshots and reusable split inputs
ok 66 - portable bundle restores real external reports, snapshots and reusable split inputs
  ---
  duration_ms: 2148.7917
  type: 'test'
  ...
# Subtest: stale running records are recovered as interrupted rather than completed
ok 67 - stale running records are recovered as interrupted rather than completed
  ---
  duration_ms: 188.7431
  type: 'test'
  ...
1..67
# tests 67
# suites 0
# pass 67
# fail 0
# cancelled 0
# skipped 0
# todo 0
# duration_ms 16746.3431
